#-----------------------------------------------------------
# Vivado v2016.2 (64-bit)
# SW Build 1577090 on Thu Jun  2 16:32:40 MDT 2016
# IP Build 1577682 on Fri Jun  3 12:00:54 MDT 2016
# Start of session at: Sun Jun 03 17:47:16 2018
# Process ID: 2324
# Current directory: C:/Users/Thanh/Documents/GitHub/MNIST_Nexys4/MNIST_Nexys4DDR/project_1
# Command line: vivado.exe -gui_launcher_event rodinguilauncherevent4872 C:\Users\Thanh\Documents\GitHub\MNIST_Nexys4\MNIST_Nexys4DDR\project_1\project_1.xpr
# Log file: C:/Users/Thanh/Documents/GitHub/MNIST_Nexys4/MNIST_Nexys4DDR/project_1/vivado.log
# Journal file: C:/Users/Thanh/Documents/GitHub/MNIST_Nexys4/MNIST_Nexys4DDR/project_1\vivado.jou
#-----------------------------------------------------------
start_gui
open_project C:/Users/Thanh/Documents/GitHub/MNIST_Nexys4/MNIST_Nexys4DDR/project_1/project_1.xpr
update_compile_order -fileset sources_1
open_hw
connect_hw_server
open_hw_target
set_property PROGRAM.FILE {C:/Users/Thanh/Documents/GitHub/MNIST_Nexys4/MNIST_Nexys4DDR/project_1/project_1.runs/impl_1/Nexys4_Top.bit} [lindex [get_hw_devices] 0]
current_hw_device [lindex [get_hw_devices] 0]
refresh_hw_device -update_hw_probes false [lindex [get_hw_devices] 0]
set_property PROBES.FILE {} [lindex [get_hw_devices] 0]
set_property PROGRAM.FILE {C:/Users/Thanh/Documents/GitHub/MNIST_Nexys4/MNIST_Nexys4DDR/project_1/project_1.runs/impl_1/Nexys4_Top.bit} [lindex [get_hw_devices] 0]
program_hw_devices [lindex [get_hw_devices] 0]
refresh_hw_device [lindex [get_hw_devices] 0]
